· Fetching recent changes
· Creating virtualenvs
·· Creating virtualenv for py2.7-Cython-numpy1.8
· Installing dependencies
·· Upgrading setuptools in py2.7-Cython-numpy1.8
·· Upgrading Cython in py2.7-Cython-numpy1.8
·· Upgrading numpy==1.8 in py2.7-Cython-numpy1.8
· Discovering benchmarks
·· Fetching recent changes
·· Creating virtualenv for py2.7-Cython-numpy1.8
·· Upgrading setuptools in py2.7-Cython-numpy1.8
·· Upgrading Cython in py2.7-Cython-numpy1.8
·· Upgrading numpy==1.8 in py2.7-Cython-numpy1.8
·· Uninstalling astropy from py2.7-Cython-numpy1.8
·· Installing astropy into py2.7-Cython-numpy1.8